status: running
pid: 84
instance: 8b1469274d3c35438b74c4b3534f0978
started_unix_ms: 1787677481649
socket: /workspace/.yoctui-next-ui-live.z9HaUz/runtime/yoctui/daemon.sock
job 1 Connecting "BitBake build core-image-minimal" exit_code=None
status: running
pid: 84
instance: 8b1469274d3c35438b74c4b3534f0978
started_unix_ms: 1787677481649
socket: /workspace/.yoctui-next-ui-live.z9HaUz/runtime/yoctui/daemon.sock
job 1 Connecting "BitBake build core-image-minimal" exit_code=None
status: running
pid: 84
instance: 8b1469274d3c35438b74c4b3534f0978
started_unix_ms: 1787677481649
socket: /workspace/.yoctui-next-ui-live.z9HaUz/runtime/yoctui/daemon.sock
job 1 Running "BitBake build" exit_code=None
log Info bitbake: Resolving any missing task queue dependencies
log Info bitbake: 
Build Configuration:
BB_VERSION           = "2.12.1"
BUILD_SYS            = "x86_64-linux"
NATIVELSBSTRING      = "ubuntu-24.04"
TARGET_SYS           = "x86_64-poky-linux"
MACHINE              = "qemux86-64"
DISTRO               = "poky"
DISTRO_VERSION       = "5.2.4"
TUNE_FEATURES        = "m64 core2"
TARGET_FPU           = ""
meta                 
meta-poky            
meta-yocto-bsp       = "HEAD:d0b46a6624ec9c61c47270745dd0b2d5abbe6ac1"
status: running
pid: 84
instance: 8b1469274d3c35438b74c4b3534f0978
started_unix_ms: 1787677481649
socket: /workspace/.yoctui-next-ui-live.z9HaUz/runtime/yoctui/daemon.sock
job 1 Running "BitBake build" exit_code=None
log Info bitbake: Resolving any missing task queue dependencies
log Info bitbake: 
Build Configuration:
BB_VERSION           = "2.12.1"
BUILD_SYS            = "x86_64-linux"
NATIVELSBSTRING      = "ubuntu-24.04"
TARGET_SYS           = "x86_64-poky-linux"
MACHINE              = "qemux86-64"
DISTRO               = "poky"
DISTRO_VERSION       = "5.2.4"
TUNE_FEATURES        = "m64 core2"
TARGET_FPU           = ""
meta                 
meta-poky            
meta-yocto-bsp       = "HEAD:d0b46a6624ec9c61c47270745dd0b2d5abbe6ac1"
status: running
pid: 84
instance: 8b1469274d3c35438b74c4b3534f0978
started_unix_ms: 1787677481649
socket: /workspace/.yoctui-next-ui-live.z9HaUz/runtime/yoctui/daemon.sock
job 1 Running "BitBake build" exit_code=None
log Info bitbake: Resolving any missing task queue dependencies
log Info bitbake: 
Build Configuration:
BB_VERSION           = "2.12.1"
BUILD_SYS            = "x86_64-linux"
NATIVELSBSTRING      = "ubuntu-24.04"
TARGET_SYS           = "x86_64-poky-linux"
MACHINE              = "qemux86-64"
DISTRO               = "poky"
DISTRO_VERSION       = "5.2.4"
TUNE_FEATURES        = "m64 core2"
TARGET_FPU           = ""
meta                 
meta-poky            
meta-yocto-bsp       = "HEAD:d0b46a6624ec9c61c47270745dd0b2d5abbe6ac1"
status: running
pid: 84
instance: 8b1469274d3c35438b74c4b3534f0978
started_unix_ms: 1787677481649
socket: /workspace/.yoctui-next-ui-live.z9HaUz/runtime/yoctui/daemon.sock
job 1 Running "BitBake build" exit_code=None
log Info bitbake: Resolving any missing task queue dependencies
log Info bitbake: 
Build Configuration:
BB_VERSION           = "2.12.1"
BUILD_SYS            = "x86_64-linux"
NATIVELSBSTRING      = "ubuntu-24.04"
TARGET_SYS           = "x86_64-poky-linux"
MACHINE              = "qemux86-64"
DISTRO               = "poky"
DISTRO_VERSION       = "5.2.4"
TUNE_FEATURES        = "m64 core2"
TARGET_FPU           = ""
meta                 
meta-poky            
meta-yocto-bsp       = "HEAD:d0b46a6624ec9c61c47270745dd0b2d5abbe6ac1"
status: running
pid: 84
instance: 8b1469274d3c35438b74c4b3534f0978
started_unix_ms: 1787677481649
socket: /workspace/.yoctui-next-ui-live.z9HaUz/runtime/yoctui/daemon.sock
job 1 Running "BitBake build" exit_code=None
log Info bitbake: Resolving any missing task queue dependencies
log Info bitbake: 
Build Configuration:
BB_VERSION           = "2.12.1"
BUILD_SYS            = "x86_64-linux"
NATIVELSBSTRING      = "ubuntu-24.04"
TARGET_SYS           = "x86_64-poky-linux"
MACHINE              = "qemux86-64"
DISTRO               = "poky"
DISTRO_VERSION       = "5.2.4"
TUNE_FEATURES        = "m64 core2"
TARGET_FPU           = ""
meta                 
meta-poky            
meta-yocto-bsp       = "HEAD:d0b46a6624ec9c61c47270745dd0b2d5abbe6ac1"
status: running
pid: 84
instance: 8b1469274d3c35438b74c4b3534f0978
started_unix_ms: 1787677481649
socket: /workspace/.yoctui-next-ui-live.z9HaUz/runtime/yoctui/daemon.sock
job 1 Running "BitBake build" exit_code=None
log Info bitbake: Resolving any missing task queue dependencies
log Info bitbake: 
Build Configuration:
BB_VERSION           = "2.12.1"
BUILD_SYS            = "x86_64-linux"
NATIVELSBSTRING      = "ubuntu-24.04"
TARGET_SYS           = "x86_64-poky-linux"
MACHINE              = "qemux86-64"
DISTRO               = "poky"
DISTRO_VERSION       = "5.2.4"
TUNE_FEATURES        = "m64 core2"
TARGET_FPU           = ""
meta                 
meta-poky            
meta-yocto-bsp       = "HEAD:d0b46a6624ec9c61c47270745dd0b2d5abbe6ac1"

log Info bitbake: Sstate summary: Wanted 1722 Local 1718 Mirrors 0 Missed 4 Current 0 (99% match, 0% complete)
log Info bitbake: Executing Tasks
status: running
pid: 84
instance: 8b1469274d3c35438b74c4b3534f0978
started_unix_ms: 1787677481649
socket: /workspace/.yoctui-next-ui-live.z9HaUz/runtime/yoctui/daemon.sock
job 1 Running "BitBake build" exit_code=None
log Info bitbake: Resolving any missing task queue dependencies
log Info bitbake: 
Build Configuration:
BB_VERSION           = "2.12.1"
BUILD_SYS            = "x86_64-linux"
NATIVELSBSTRING      = "ubuntu-24.04"
TARGET_SYS           = "x86_64-poky-linux"
MACHINE              = "qemux86-64"
DISTRO               = "poky"
DISTRO_VERSION       = "5.2.4"
TUNE_FEATURES        = "m64 core2"
TARGET_FPU           = ""
meta                 
meta-poky            
meta-yocto-bsp       = "HEAD:d0b46a6624ec9c61c47270745dd0b2d5abbe6ac1"

log Info bitbake: Sstate summary: Wanted 1722 Local 1718 Mirrors 0 Missed 4 Current 0 (99% match, 0% complete)
log Info bitbake: Executing Tasks
status: running
pid: 84
instance: 8b1469274d3c35438b74c4b3534f0978
started_unix_ms: 1787677481649
socket: /workspace/.yoctui-next-ui-live.z9HaUz/runtime/yoctui/daemon.sock
job 1 Running "BitBake build" exit_code=None
log Info bitbake: Resolving any missing task queue dependencies
log Info bitbake: 
Build Configuration:
BB_VERSION           = "2.12.1"
BUILD_SYS            = "x86_64-linux"
NATIVELSBSTRING      = "ubuntu-24.04"
TARGET_SYS           = "x86_64-poky-linux"
MACHINE              = "qemux86-64"
DISTRO               = "poky"
DISTRO_VERSION       = "5.2.4"
TUNE_FEATURES        = "m64 core2"
TARGET_FPU           = ""
meta                 
meta-poky            
meta-yocto-bsp       = "HEAD:d0b46a6624ec9c61c47270745dd0b2d5abbe6ac1"

log Info bitbake: Sstate summary: Wanted 1722 Local 1718 Mirrors 0 Missed 4 Current 0 (99% match, 0% complete)
log Info bitbake: Executing Tasks
status: running
pid: 84
instance: 8b1469274d3c35438b74c4b3534f0978
started_unix_ms: 1787677481649
socket: /workspace/.yoctui-next-ui-live.z9HaUz/runtime/yoctui/daemon.sock
job 1 Running "BitBake build" exit_code=None
log Info bitbake: Resolving any missing task queue dependencies
log Info bitbake: 
Build Configuration:
BB_VERSION           = "2.12.1"
BUILD_SYS            = "x86_64-linux"
NATIVELSBSTRING      = "ubuntu-24.04"
TARGET_SYS           = "x86_64-poky-linux"
MACHINE              = "qemux86-64"
DISTRO               = "poky"
DISTRO_VERSION       = "5.2.4"
TUNE_FEATURES        = "m64 core2"
TARGET_FPU           = ""
meta                 
meta-poky            
meta-yocto-bsp       = "HEAD:d0b46a6624ec9c61c47270745dd0b2d5abbe6ac1"

log Info bitbake: Sstate summary: Wanted 1722 Local 1718 Mirrors 0 Missed 4 Current 0 (99% match, 0% complete)
log Info bitbake: Executing Tasks
log Info bitbake: Direct dependencies are ['/workspace/.yoctui-next-ui-live.z9HaUz/poky/meta/recipes-core/base-passwd/base-passwd_3.6.6.bb:do_populate_sysroot', '/workspace/.yoctui-next-ui-live.z9HaUz/poky/meta/recipes-extended/shadow/shadow-sysroot_4.6.bb:do_populate_sysroot', 'virtual:native:/workspace/.yoctui-next-ui-live.z9HaUz/poky/meta/recipes-devtools/pseudo/pseudo_git.bb:do_populate_sysroot', 'virtual:native:/workspace/.yoctui-next-ui-live.z9HaUz/poky/meta/recipes-extended/shadow/shadow_4.17.3.bb:do_populate_sysroot']
log Info bitbake: Installed into sysroot: ['base-passwd', 'shadow-sysroot', 'pseudo-native', 'shadow-native']
log Info bitbake: Skipping as already exists in sysroot: []
log Info bitbake: Running postinst /workspace/.yoctui-next-ui-live.z9HaUz/build/tmp/work/core2-64-poky-linux/ptest-runner/2.4.5.1/recipe-sysroot/usr/bin/postinst-base-passwd, output:
b''
status: running
pid: 84
instance: 8b1469274d3c35438b74c4b3534f0978
started_unix_ms: 1787677481649
socket: /workspace/.yoctui-next-ui-live.z9HaUz/runtime/yoctui/daemon.sock
job 1 Running "BitBake build" exit_code=None
log Info bitbake: Resolving any missing task queue dependencies
log Info bitbake: 
Build Configuration:
BB_VERSION           = "2.12.1"
BUILD_SYS            = "x86_64-linux"
NATIVELSBSTRING      = "ubuntu-24.04"
TARGET_SYS           = "x86_64-poky-linux"
MACHINE              = "qemux86-64"
DISTRO               = "poky"
DISTRO_VERSION       = "5.2.4"
TUNE_FEATURES        = "m64 core2"
TARGET_FPU           = ""
meta                 
meta-poky            
meta-yocto-bsp       = "HEAD:d0b46a6624ec9c61c47270745dd0b2d5abbe6ac1"

log Info bitbake: Sstate summary: Wanted 1722 Local 1718 Mirrors 0 Missed 4 Current 0 (99% match, 0% complete)
log Info bitbake: Executing Tasks
log Info bitbake: Direct dependencies are ['/workspace/.yoctui-next-ui-live.z9HaUz/poky/meta/recipes-core/base-passwd/base-passwd_3.6.6.bb:do_populate_sysroot', '/workspace/.yoctui-next-ui-live.z9HaUz/poky/meta/recipes-extended/shadow/shadow-sysroot_4.6.bb:do_populate_sysroot', 'virtual:native:/workspace/.yoctui-next-ui-live.z9HaUz/poky/meta/recipes-devtools/pseudo/pseudo_git.bb:do_populate_sysroot', 'virtual:native:/workspace/.yoctui-next-ui-live.z9HaUz/poky/meta/recipes-extended/shadow/shadow_4.17.3.bb:do_populate_sysroot']
log Info bitbake: Installed into sysroot: ['base-passwd', 'shadow-sysroot', 'pseudo-native', 'shadow-native']
log Info bitbake: Skipping as already exists in sysroot: []
log Info bitbake: Running postinst /workspace/.yoctui-next-ui-live.z9HaUz/build/tmp/work/core2-64-poky-linux/ptest-runner/2.4.5.1/recipe-sysroot/usr/bin/postinst-base-passwd, output:
b''
status: running
pid: 84
instance: 8b1469274d3c35438b74c4b3534f0978
started_unix_ms: 1787677481649
socket: /workspace/.yoctui-next-ui-live.z9HaUz/runtime/yoctui/daemon.sock
job 1 Running "BitBake build" exit_code=None
log Info bitbake: Resolving any missing task queue dependencies
log Info bitbake: 
Build Configuration:
BB_VERSION           = "2.12.1"
BUILD_SYS            = "x86_64-linux"
NATIVELSBSTRING      = "ubuntu-24.04"
TARGET_SYS           = "x86_64-poky-linux"
MACHINE              = "qemux86-64"
DISTRO               = "poky"
DISTRO_VERSION       = "5.2.4"
TUNE_FEATURES        = "m64 core2"
TARGET_FPU           = ""
meta                 
meta-poky            
meta-yocto-bsp       = "HEAD:d0b46a6624ec9c61c47270745dd0b2d5abbe6ac1"

log Info bitbake: Sstate summary: Wanted 1722 Local 1718 Mirrors 0 Missed 4 Current 0 (99% match, 0% complete)
log Info bitbake: Executing Tasks
log Info bitbake: Direct dependencies are ['/workspace/.yoctui-next-ui-live.z9HaUz/poky/meta/recipes-core/base-passwd/base-passwd_3.6.6.bb:do_populate_sysroot', '/workspace/.yoctui-next-ui-live.z9HaUz/poky/meta/recipes-extended/shadow/shadow-sysroot_4.6.bb:do_populate_sysroot', 'virtual:native:/workspace/.yoctui-next-ui-live.z9HaUz/poky/meta/recipes-devtools/pseudo/pseudo_git.bb:do_populate_sysroot', 'virtual:native:/workspace/.yoctui-next-ui-live.z9HaUz/poky/meta/recipes-extended/shadow/shadow_4.17.3.bb:do_populate_sysroot']
log Info bitbake: Installed into sysroot: ['base-passwd', 'shadow-sysroot', 'pseudo-native', 'shadow-native']
log Info bitbake: Skipping as already exists in sysroot: []
log Info bitbake: Running postinst /workspace/.yoctui-next-ui-live.z9HaUz/build/tmp/work/core2-64-poky-linux/ptest-runner/2.4.5.1/recipe-sysroot/usr/bin/postinst-base-passwd, output:
b''
status: running
pid: 84
instance: 8b1469274d3c35438b74c4b3534f0978
started_unix_ms: 1787677481649
socket: /workspace/.yoctui-next-ui-live.z9HaUz/runtime/yoctui/daemon.sock
job 1 Running "BitBake build" exit_code=None
log Info bitbake: Resolving any missing task queue dependencies
log Info bitbake: 
Build Configuration:
BB_VERSION           = "2.12.1"
BUILD_SYS            = "x86_64-linux"
NATIVELSBSTRING      = "ubuntu-24.04"
TARGET_SYS           = "x86_64-poky-linux"
MACHINE              = "qemux86-64"
DISTRO               = "poky"
DISTRO_VERSION       = "5.2.4"
TUNE_FEATURES        = "m64 core2"
TARGET_FPU           = ""
meta                 
meta-poky            
meta-yocto-bsp       = "HEAD:d0b46a6624ec9c61c47270745dd0b2d5abbe6ac1"

log Info bitbake: Sstate summary: Wanted 1722 Local 1718 Mirrors 0 Missed 4 Current 0 (99% match, 0% complete)
log Info bitbake: Executing Tasks
log Info bitbake: Direct dependencies are ['/workspace/.yoctui-next-ui-live.z9HaUz/poky/meta/recipes-core/base-passwd/base-passwd_3.6.6.bb:do_populate_sysroot', '/workspace/.yoctui-next-ui-live.z9HaUz/poky/meta/recipes-extended/shadow/shadow-sysroot_4.6.bb:do_populate_sysroot', 'virtual:native:/workspace/.yoctui-next-ui-live.z9HaUz/poky/meta/recipes-devtools/pseudo/pseudo_git.bb:do_populate_sysroot', 'virtual:native:/workspace/.yoctui-next-ui-live.z9HaUz/poky/meta/recipes-extended/shadow/shadow_4.17.3.bb:do_populate_sysroot']
log Info bitbake: Installed into sysroot: ['base-passwd', 'shadow-sysroot', 'pseudo-native', 'shadow-native']
log Info bitbake: Skipping as already exists in sysroot: []
log Info bitbake: Running postinst /workspace/.yoctui-next-ui-live.z9HaUz/build/tmp/work/core2-64-poky-linux/ptest-runner/2.4.5.1/recipe-sysroot/usr/bin/postinst-base-passwd, output:
b''
status: running
pid: 84
instance: 8b1469274d3c35438b74c4b3534f0978
started_unix_ms: 1787677481649
socket: /workspace/.yoctui-next-ui-live.z9HaUz/runtime/yoctui/daemon.sock
job 1 Running "BitBake build" exit_code=None
log Info bitbake: Resolving any missing task queue dependencies
log Info bitbake: 
Build Configuration:
BB_VERSION           = "2.12.1"
BUILD_SYS            = "x86_64-linux"
NATIVELSBSTRING      = "ubuntu-24.04"
TARGET_SYS           = "x86_64-poky-linux"
MACHINE              = "qemux86-64"
DISTRO               = "poky"
DISTRO_VERSION       = "5.2.4"
TUNE_FEATURES        = "m64 core2"
TARGET_FPU           = ""
meta                 
meta-poky            
meta-yocto-bsp       = "HEAD:d0b46a6624ec9c61c47270745dd0b2d5abbe6ac1"

log Info bitbake: Sstate summary: Wanted 1722 Local 1718 Mirrors 0 Missed 4 Current 0 (99% match, 0% complete)
log Info bitbake: Executing Tasks
log Info bitbake: Direct dependencies are ['/workspace/.yoctui-next-ui-live.z9HaUz/poky/meta/recipes-core/base-passwd/base-passwd_3.6.6.bb:do_populate_sysroot', '/workspace/.yoctui-next-ui-live.z9HaUz/poky/meta/recipes-extended/shadow/shadow-sysroot_4.6.bb:do_populate_sysroot', 'virtual:native:/workspace/.yoctui-next-ui-live.z9HaUz/poky/meta/recipes-devtools/pseudo/pseudo_git.bb:do_populate_sysroot', 'virtual:native:/workspace/.yoctui-next-ui-live.z9HaUz/poky/meta/recipes-extended/shadow/shadow_4.17.3.bb:do_populate_sysroot']
log Info bitbake: Installed into sysroot: ['base-passwd', 'shadow-sysroot', 'pseudo-native', 'shadow-native']
log Info bitbake: Skipping as already exists in sysroot: []
log Info bitbake: Running postinst /workspace/.yoctui-next-ui-live.z9HaUz/build/tmp/work/core2-64-poky-linux/ptest-runner/2.4.5.1/recipe-sysroot/usr/bin/postinst-base-passwd, output:
b''
status: running
pid: 84
instance: 8b1469274d3c35438b74c4b3534f0978
started_unix_ms: 1787677481649
socket: /workspace/.yoctui-next-ui-live.z9HaUz/runtime/yoctui/daemon.sock
job 1 Running "BitBake build" exit_code=None
log Info bitbake: Resolving any missing task queue dependencies
log Info bitbake: 
Build Configuration:
BB_VERSION           = "2.12.1"
BUILD_SYS            = "x86_64-linux"
NATIVELSBSTRING      = "ubuntu-24.04"
TARGET_SYS           = "x86_64-poky-linux"
MACHINE              = "qemux86-64"
DISTRO               = "poky"
DISTRO_VERSION       = "5.2.4"
TUNE_FEATURES        = "m64 core2"
TARGET_FPU           = ""
meta                 
meta-poky            
meta-yocto-bsp       = "HEAD:d0b46a6624ec9c61c47270745dd0b2d5abbe6ac1"

log Info bitbake: Sstate summary: Wanted 1722 Local 1718 Mirrors 0 Missed 4 Current 0 (99% match, 0% complete)
log Info bitbake: Executing Tasks
log Info bitbake: Direct dependencies are ['/workspace/.yoctui-next-ui-live.z9HaUz/poky/meta/recipes-core/base-passwd/base-passwd_3.6.6.bb:do_populate_sysroot', '/workspace/.yoctui-next-ui-live.z9HaUz/poky/meta/recipes-extended/shadow/shadow-sysroot_4.6.bb:do_populate_sysroot', 'virtual:native:/workspace/.yoctui-next-ui-live.z9HaUz/poky/meta/recipes-devtools/pseudo/pseudo_git.bb:do_populate_sysroot', 'virtual:native:/workspace/.yoctui-next-ui-live.z9HaUz/poky/meta/recipes-extended/shadow/shadow_4.17.3.bb:do_populate_sysroot']
log Info bitbake: Installed into sysroot: ['base-passwd', 'shadow-sysroot', 'pseudo-native', 'shadow-native']
log Info bitbake: Skipping as already exists in sysroot: []
log Info bitbake: Running postinst /workspace/.yoctui-next-ui-live.z9HaUz/build/tmp/work/core2-64-poky-linux/ptest-runner/2.4.5.1/recipe-sysroot/usr/bin/postinst-base-passwd, output:
b''
status: running
pid: 84
instance: 8b1469274d3c35438b74c4b3534f0978
started_unix_ms: 1787677481649
socket: /workspace/.yoctui-next-ui-live.z9HaUz/runtime/yoctui/daemon.sock
job 1 Running "BitBake build" exit_code=None
log Info bitbake: Resolving any missing task queue dependencies
log Info bitbake: 
Build Configuration:
BB_VERSION           = "2.12.1"
BUILD_SYS            = "x86_64-linux"
NATIVELSBSTRING      = "ubuntu-24.04"
TARGET_SYS           = "x86_64-poky-linux"
MACHINE              = "qemux86-64"
DISTRO               = "poky"
DISTRO_VERSION       = "5.2.4"
TUNE_FEATURES        = "m64 core2"
TARGET_FPU           = ""
meta                 
meta-poky            
meta-yocto-bsp       = "HEAD:d0b46a6624ec9c61c47270745dd0b2d5abbe6ac1"

log Info bitbake: Sstate summary: Wanted 1722 Local 1718 Mirrors 0 Missed 4 Current 0 (99% match, 0% complete)
log Info bitbake: Executing Tasks
log Info bitbake: Direct dependencies are ['/workspace/.yoctui-next-ui-live.z9HaUz/poky/meta/recipes-core/base-passwd/base-passwd_3.6.6.bb:do_populate_sysroot', '/workspace/.yoctui-next-ui-live.z9HaUz/poky/meta/recipes-extended/shadow/shadow-sysroot_4.6.bb:do_populate_sysroot', 'virtual:native:/workspace/.yoctui-next-ui-live.z9HaUz/poky/meta/recipes-devtools/pseudo/pseudo_git.bb:do_populate_sysroot', 'virtual:native:/workspace/.yoctui-next-ui-live.z9HaUz/poky/meta/recipes-extended/shadow/shadow_4.17.3.bb:do_populate_sysroot']
log Info bitbake: Installed into sysroot: ['base-passwd', 'shadow-sysroot', 'pseudo-native', 'shadow-native']
log Info bitbake: Skipping as already exists in sysroot: []
log Info bitbake: Running postinst /workspace/.yoctui-next-ui-live.z9HaUz/build/tmp/work/core2-64-poky-linux/ptest-runner/2.4.5.1/recipe-sysroot/usr/bin/postinst-base-passwd, output:
b''
status: running
pid: 84
instance: 8b1469274d3c35438b74c4b3534f0978
started_unix_ms: 1787677481649
socket: /workspace/.yoctui-next-ui-live.z9HaUz/runtime/yoctui/daemon.sock
job 1 Running "BitBake build" exit_code=None
log Info bitbake: Resolving any missing task queue dependencies
log Info bitbake: 
Build Configuration:
BB_VERSION           = "2.12.1"
BUILD_SYS            = "x86_64-linux"
NATIVELSBSTRING      = "ubuntu-24.04"
TARGET_SYS           = "x86_64-poky-linux"
MACHINE              = "qemux86-64"
DISTRO               = "poky"
DISTRO_VERSION       = "5.2.4"
TUNE_FEATURES        = "m64 core2"
TARGET_FPU           = ""
meta                 
meta-poky            
meta-yocto-bsp       = "HEAD:d0b46a6624ec9c61c47270745dd0b2d5abbe6ac1"

log Info bitbake: Sstate summary: Wanted 1722 Local 1718 Mirrors 0 Missed 4 Current 0 (99% match, 0% complete)
log Info bitbake: Executing Tasks
log Info bitbake: Direct dependencies are ['/workspace/.yoctui-next-ui-live.z9HaUz/poky/meta/recipes-core/base-passwd/base-passwd_3.6.6.bb:do_populate_sysroot', '/workspace/.yoctui-next-ui-live.z9HaUz/poky/meta/recipes-extended/shadow/shadow-sysroot_4.6.bb:do_populate_sysroot', 'virtual:native:/workspace/.yoctui-next-ui-live.z9HaUz/poky/meta/recipes-devtools/pseudo/pseudo_git.bb:do_populate_sysroot', 'virtual:native:/workspace/.yoctui-next-ui-live.z9HaUz/poky/meta/recipes-extended/shadow/shadow_4.17.3.bb:do_populate_sysroot']
log Info bitbake: Installed into sysroot: ['base-passwd', 'shadow-sysroot', 'pseudo-native', 'shadow-native']
log Info bitbake: Skipping as already exists in sysroot: []
log Info bitbake: Running postinst /workspace/.yoctui-next-ui-live.z9HaUz/build/tmp/work/core2-64-poky-linux/ptest-runner/2.4.5.1/recipe-sysroot/usr/bin/postinst-base-passwd, output:
b''
status: running
pid: 84
instance: 8b1469274d3c35438b74c4b3534f0978
started_unix_ms: 1787677481649
socket: /workspace/.yoctui-next-ui-live.z9HaUz/runtime/yoctui/daemon.sock
job 1 Running "BitBake build" exit_code=None
log Info bitbake: 
Build Configuration:
BB_VERSION           = "2.12.1"
BUILD_SYS            = "x86_64-linux"
NATIVELSBSTRING      = "ubuntu-24.04"
TARGET_SYS           = "x86_64-poky-linux"
MACHINE              = "qemux86-64"
DISTRO               = "poky"
DISTRO_VERSION       = "5.2.4"
TUNE_FEATURES        = "m64 core2"
TARGET_FPU           = ""
meta                 
meta-poky            
meta-yocto-bsp       = "HEAD:d0b46a6624ec9c61c47270745dd0b2d5abbe6ac1"

log Info bitbake: Sstate summary: Wanted 1722 Local 1718 Mirrors 0 Missed 4 Current 0 (99% match, 0% complete)
log Info bitbake: Executing Tasks
log Info bitbake: Direct dependencies are ['/workspace/.yoctui-next-ui-live.z9HaUz/poky/meta/recipes-core/base-passwd/base-passwd_3.6.6.bb:do_populate_sysroot', '/workspace/.yoctui-next-ui-live.z9HaUz/poky/meta/recipes-extended/shadow/shadow-sysroot_4.6.bb:do_populate_sysroot', 'virtual:native:/workspace/.yoctui-next-ui-live.z9HaUz/poky/meta/recipes-devtools/pseudo/pseudo_git.bb:do_populate_sysroot', 'virtual:native:/workspace/.yoctui-next-ui-live.z9HaUz/poky/meta/recipes-extended/shadow/shadow_4.17.3.bb:do_populate_sysroot']
log Info bitbake: Installed into sysroot: ['base-passwd', 'shadow-sysroot', 'pseudo-native', 'shadow-native']
log Info bitbake: Skipping as already exists in sysroot: []
log Info bitbake: Running postinst /workspace/.yoctui-next-ui-live.z9HaUz/build/tmp/work/core2-64-poky-linux/ptest-runner/2.4.5.1/recipe-sysroot/usr/bin/postinst-base-passwd, output:
b''
log Info bitbake: rm_work: Skipping gcc-source-14.3.0 since it is in RM_WORK_EXCLUDE
status: running
pid: 84
instance: 8b1469274d3c35438b74c4b3534f0978
started_unix_ms: 1787677481649
socket: /workspace/.yoctui-next-ui-live.z9HaUz/runtime/yoctui/daemon.sock
job 1 Running "BitBake build" exit_code=None
log Info bitbake: Sstate summary: Wanted 1722 Local 1718 Mirrors 0 Missed 4 Current 0 (99% match, 0% complete)
log Info bitbake: Executing Tasks
log Info bitbake: Direct dependencies are ['/workspace/.yoctui-next-ui-live.z9HaUz/poky/meta/recipes-core/base-passwd/base-passwd_3.6.6.bb:do_populate_sysroot', '/workspace/.yoctui-next-ui-live.z9HaUz/poky/meta/recipes-extended/shadow/shadow-sysroot_4.6.bb:do_populate_sysroot', 'virtual:native:/workspace/.yoctui-next-ui-live.z9HaUz/poky/meta/recipes-devtools/pseudo/pseudo_git.bb:do_populate_sysroot', 'virtual:native:/workspace/.yoctui-next-ui-live.z9HaUz/poky/meta/recipes-extended/shadow/shadow_4.17.3.bb:do_populate_sysroot']
log Info bitbake: Installed into sysroot: ['base-passwd', 'shadow-sysroot', 'pseudo-native', 'shadow-native']
log Info bitbake: Skipping as already exists in sysroot: []
log Info bitbake: Running postinst /workspace/.yoctui-next-ui-live.z9HaUz/build/tmp/work/core2-64-poky-linux/ptest-runner/2.4.5.1/recipe-sysroot/usr/bin/postinst-base-passwd, output:
b''
log Info bitbake: rm_work: Skipping gcc-source-14.3.0 since it is in RM_WORK_EXCLUDE
log Info bitbake: rm_work: Skipping linux-yocto since it is in RM_WORK_EXCLUDE
status: running
pid: 84
instance: 8b1469274d3c35438b74c4b3534f0978
started_unix_ms: 1787677481649
socket: /workspace/.yoctui-next-ui-live.z9HaUz/runtime/yoctui/daemon.sock
job 1 Running "BitBake build" exit_code=None
log Info bitbake: Skipping as already exists in sysroot: []
log Info bitbake: Running postinst /workspace/.yoctui-next-ui-live.z9HaUz/build/tmp/work/core2-64-poky-linux/ptest-runner/2.4.5.1/recipe-sysroot/usr/bin/postinst-base-passwd, output:
b''
log Info bitbake: rm_work: Skipping gcc-source-14.3.0 since it is in RM_WORK_EXCLUDE
log Info bitbake: rm_work: Skipping linux-yocto since it is in RM_WORK_EXCLUDE
log Info bitbake: Direct dependencies are ['/workspace/.yoctui-next-ui-live.z9HaUz/poky/meta/recipes-core/glibc/cross-localedef-native_2.41.bb:do_populate_sysroot', '/workspace/.yoctui-next-ui-live.z9HaUz/poky/meta/recipes-devtools/qemu/qemuwrapper-cross_1.0.bb:do_populate_sysroot', '/workspace/.yoctui-next-ui-live.z9HaUz/poky/meta/recipes-kernel/kmod/depmodwrapper-cross_1.0.bb:do_populate_sysroot', 'virtual:native:/workspace/.yoctui-next-ui-live.z9HaUz/poky/meta/recipes-devtools/pseudo/pseudo_git.bb:do_populate_sysroot']
log Info bitbake: Installed into sysroot: ['gettext-minimal-native', 'cross-localedef-native', 'cmake-native', 'libtool-native', 'qemu-native', 'qemuwrapper-cross', 'texinfo-dummy-native', 'depmodwrapper-cross', 'openssl-native', 'expat-native', 'gettext-native', 'glib-2.0-native', 'ncurses-native', 'util-linux-libuuid-native', 'zlib-native', 'libedit-native', 'make-native', 'perl-native', 'pseudo-native', 'python3-flit-core-native', 'python3-installer-native', 'python3-packaging-native', 'python3-native', 'bzip2-native', 'unzip-native', 'xz-native', 'zstd-native', 'kmod-native', 'attr-native', 'gdbm-native', 'libffi-native', 'libpcre2-native', 'sqlite3-native']
log Info bitbake: Skipping as already exists in sysroot: []
log Info bitbake: Direct dependencies are ['/workspace/.yoctui-next-ui-live.z9HaUz/poky/meta/recipes-devtools/qemu/qemu-helper-native_1.0.bb:do_populate_sysroot', '/workspace/.yoctui-next-ui-live.z9HaUz/poky/meta/recipes-devtools/qemu/qemu-system-native_9.2.0.bb:do_populate_sysroot', 'virtual:native:/workspace/.yoctui-next-ui-live.z9HaUz/poky/meta/recipes-devtools/pseudo/pseudo_git.bb:do_populate_sysroot', 'virtual:native:/workspace/.yoctui-next-ui-live.z9HaUz/poky/meta/recipes-devtools/unfs3/unfs3_git.bb:do_populate_sysroot']
status: running
pid: 84
instance: 8b1469274d3c35438b74c4b3534f0978
started_unix_ms: 1787677481649
socket: /workspace/.yoctui-next-ui-live.z9HaUz/runtime/yoctui/daemon.sock
job 1 Running "BitBake build" exit_code=None
log Info bitbake: Skipping as already exists in sysroot: []
log Info bitbake: Direct dependencies are ['/workspace/.yoctui-next-ui-live.z9HaUz/poky/meta/recipes-core/glibc/cross-localedef-native_2.41.bb:do_populate_sysroot', '/workspace/.yoctui-next-ui-live.z9HaUz/poky/meta/recipes-core/glibc/ldconfig-native_2.12.1.bb:do_populate_sysroot', '/workspace/.yoctui-next-ui-live.z9HaUz/poky/meta/recipes-devtools/qemu/qemuwrapper-cross_1.0.bb:do_populate_sysroot', '/workspace/.yoctui-next-ui-live.z9HaUz/poky/meta/recipes-kernel/kmod/depmodwrapper-cross_1.0.bb:do_populate_sysroot', 'virtual:native:/workspace/.yoctui-next-ui-live.z9HaUz/poky/meta/recipes-core/update-rc.d/update-rc.d_0.8.bb:do_populate_sysroot', 'virtual:native:/workspace/.yoctui-next-ui-live.z9HaUz/poky/meta/recipes-devtools/createrepo-c/createrepo-c_1.2.0.bb:do_populate_sysroot', 'virtual:native:/workspace/.yoctui-next-ui-live.z9HaUz/poky/meta/recipes-devtools/dnf/dnf_4.22.0.bb:do_populate_sysroot', 'virtual:native:/workspace/.yoctui-next-ui-live.z9HaUz/poky/meta/recipes-devtools/makedevs/makedevs_1.0.1.bb:do_populate_sysroot', 'virtual:native:/workspace/.yoctui-next-ui-live.z9HaUz/poky/meta/recipes-devtools/opkg-utils/opkg-utils_0.7.0.bb:do_populate_sysroot', 'virtual:native:/workspace/.yoctui-next-ui-live.z9HaUz/poky/meta/recipes-devtools/pseudo/pseudo_git.bb:do_populate_sysroot', 'virtual:native:/workspace/.yoctui-next-ui-live.z9HaUz/poky/meta/recipes-devtools/rpm/rpm_4.20.0.bb:do_populate_sysroot', 'virtual:native:/workspace/.yoctui-next-ui-live.z9HaUz/poky/meta/recipes-extended/pbzip2/pbzip2_1.1.13.bb:do_populate_sysroot', 'virtual:native:/workspace/.yoctui-next-ui-live.z9HaUz/poky/meta/recipes-extended/pigz/pigz_2.8.bb:do_populate_sysroot']
log Info bitbake: Installed into sysroot: ['ldconfig-native', 'm4-native', 'libxml2-native', 'readline-native', 'update-rc.d-native', 'util-linux-native', 'createrepo-c-native', 'dnf-native', 'elfutils-native', 'file-native', 'flex-native', 'gnu-config-native', 'json-c-native', 'libcomps-native', 'libdnf-native', 'libmodulemd-native', 'librepo-native', 'lua-native', 'makedevs-native', 'opkg-utils-native', 'python3-build-native', 'python3-pyproject-hooks-native', 'python3-setuptools-native', 'python3-wheel-native', 'rpm-native', 'swig-native', 'libarchive-native', 'libidn2-native', 'libsolv-native', 'lzlib-native', 'pbzip2-native', 'pigz-native', 'shadow-native', 'gobject-introspection-native', 'acl-native', 'curl-native', 'debianutils-native', 'gmp-native', 'gnutls-native', 'libtasn1-native', 'gpgme-native', 'libassuan-native', 'libbsd-native', 'libcap-ng-native', 'libcap-native', 'libcheck-native', 'libgcrypt-native', 'libgpg-error-native', 'libmd-native', 'libmicrohttpd-native', 'libunistring-native', 'libyaml-native', 'nettle-native', 'popt-native']
log Info bitbake: Skipping as already exists in sysroot: ['gettext-minimal-native', 'cross-localedef-native', 'cmake-native', 'libtool-native', 'qemu-native', 'qemuwrapper-cross', 'texinfo-dummy-native', 'depmodwrapper-cross', 'openssl-native', 'expat-native', 'gettext-native', 'glib-2.0-native', 'ncurses-native', 'util-linux-libuuid-native', 'zlib-native', 'libedit-native', 'make-native', 'perl-native', 'pseudo-native', 'python3-flit-core-native', 'python3-installer-native', 'python3-packaging-native', 'python3-native', 'bzip2-native', 'unzip-native', 'xz-native', 'zstd-native', 'kmod-native', 'attr-native', 'gdbm-native', 'libffi-native', 'libpcre2-native', 'sqlite3-native']
log Info bitbake: Running postinst /workspace/.yoctui-next-ui-live.z9HaUz/build/tmp/work/qemux86_64-poky-linux/core-image-minimal/1.0/recipe-sysroot-native/usr/bin/postinst-ldsoconf-gobject-introspection-native, output:
b''
log Info bitbake: Initializing intercept dir for /workspace/.yoctui-next-ui-live.z9HaUz/build/tmp/work/qemux86_64-poky-linux/core-image-minimal/1.0/rootfs
log Info bitbake: ###### Generate rootfs #######
log Info bitbake: Executing '/workspace/.yoctui-next-ui-live.z9HaUz/build/tmp/work/qemux86_64-poky-linux/core-image-minimal/1.0/recipe-sysroot-native/usr/bin/createrepo_c --update -q /workspace/.yoctui-next-ui-live.z9HaUz/build/tmp/work/qemux86_64-poky-linux/core-image-minimal/1.0/oe-rootfs-repo' ...
status: running
pid: 84
instance: 8b1469274d3c35438b74c4b3534f0978
started_unix_ms: 1787677481649
socket: /workspace/.yoctui-next-ui-live.z9HaUz/runtime/yoctui/daemon.sock
job 1 Running "BitBake build" exit_code=None
log Info bitbake: Installed into sysroot: ['ldconfig-native', 'm4-native', 'libxml2-native', 'readline-native', 'update-rc.d-native', 'util-linux-native', 'createrepo-c-native', 'dnf-native', 'elfutils-native', 'file-native', 'flex-native', 'gnu-config-native', 'json-c-native', 'libcomps-native', 'libdnf-native', 'libmodulemd-native', 'librepo-native', 'lua-native', 'makedevs-native', 'opkg-utils-native', 'python3-build-native', 'python3-pyproject-hooks-native', 'python3-setuptools-native', 'python3-wheel-native', 'rpm-native', 'swig-native', 'libarchive-native', 'libidn2-native', 'libsolv-native', 'lzlib-native', 'pbzip2-native', 'pigz-native', 'shadow-native', 'gobject-introspection-native', 'acl-native', 'curl-native', 'debianutils-native', 'gmp-native', 'gnutls-native', 'libtasn1-native', 'gpgme-native', 'libassuan-native', 'libbsd-native', 'libcap-ng-native', 'libcap-native', 'libcheck-native', 'libgcrypt-native', 'libgpg-error-native', 'libmd-native', 'libmicrohttpd-native', 'libunistring-native', 'libyaml-native', 'nettle-native', 'popt-native']
log Info bitbake: Skipping as already exists in sysroot: ['gettext-minimal-native', 'cross-localedef-native', 'cmake-native', 'libtool-native', 'qemu-native', 'qemuwrapper-cross', 'texinfo-dummy-native', 'depmodwrapper-cross', 'openssl-native', 'expat-native', 'gettext-native', 'glib-2.0-native', 'ncurses-native', 'util-linux-libuuid-native', 'zlib-native', 'libedit-native', 'make-native', 'perl-native', 'pseudo-native', 'python3-flit-core-native', 'python3-installer-native', 'python3-packaging-native', 'python3-native', 'bzip2-native', 'unzip-native', 'xz-native', 'zstd-native', 'kmod-native', 'attr-native', 'gdbm-native', 'libffi-native', 'libpcre2-native', 'sqlite3-native']
log Info bitbake: Running postinst /workspace/.yoctui-next-ui-live.z9HaUz/build/tmp/work/qemux86_64-poky-linux/core-image-minimal/1.0/recipe-sysroot-native/usr/bin/postinst-ldsoconf-gobject-introspection-native, output:
b''
log Info bitbake: Initializing intercept dir for /workspace/.yoctui-next-ui-live.z9HaUz/build/tmp/work/qemux86_64-poky-linux/core-image-minimal/1.0/rootfs
log Info bitbake: ###### Generate rootfs #######
log Info bitbake: Executing '/workspace/.yoctui-next-ui-live.z9HaUz/build/tmp/work/qemux86_64-poky-linux/core-image-minimal/1.0/recipe-sysroot-native/usr/bin/createrepo_c --update -q /workspace/.yoctui-next-ui-live.z9HaUz/build/tmp/work/qemux86_64-poky-linux/core-image-minimal/1.0/oe-rootfs-repo' ...
log Info bitbake: Running /workspace/.yoctui-next-ui-live.z9HaUz/build/tmp/work/qemux86_64-poky-linux/core-image-minimal/1.0/recipe-sysroot-native/usr/bin/dnf -v --rpmverbosity=info -y -c /workspace/.yoctui-next-ui-live.z9HaUz/build/tmp/work/qemux86_64-poky-linux/core-image-minimal/1.0/rootfs/etc/dnf/dnf.conf --setopt=reposdir=/workspace/.yoctui-next-ui-live.z9HaUz/build/tmp/work/qemux86_64-poky-linux/core-image-minimal/1.0/rootfs/etc/yum.repos.d --installroot=/workspace/.yoctui-next-ui-live.z9HaUz/build/tmp/work/qemux86_64-poky-linux/core-image-minimal/1.0/rootfs --setopt=logdir=/workspace/.yoctui-next-ui-live.z9HaUz/build/tmp/work/qemux86_64-poky-linux/core-image-minimal/1.0/temp --repofrompath=oe-repo,/workspace/.yoctui-next-ui-live.z9HaUz/build/tmp/work/qemux86_64-poky-linux/core-image-minimal/1.0/oe-rootfs-repo makecache --refresh
log Info bitbake: Running /workspace/.yoctui-next-ui-live.z9HaUz/build/tmp/work/qemux86_64-poky-linux/core-image-minimal/1.0/recipe-sysroot-native/usr/bin/dnf -v --rpmverbosity=info -y -c /workspace/.yoctui-next-ui-live.z9HaUz/build/tmp/work/qemux86_64-poky-linux/core-image-minimal/1.0/rootfs/etc/dnf/dnf.conf --setopt=reposdir=/workspace/.yoctui-next-ui-live.z9HaUz/build/tmp/work/qemux86_64-poky-linux/core-image-minimal/1.0/rootfs/etc/yum.repos.d --installroot=/workspace/.yoctui-next-ui-live.z9HaUz/build/tmp/work/qemux86_64-poky-linux/core-image-minimal/1.0/rootfs --setopt=logdir=/workspace/.yoctui-next-ui-live.z9HaUz/build/tmp/work/qemux86_64-poky-linux/core-image-minimal/1.0/temp --repofrompath=oe-repo,/workspace/.yoctui-next-ui-live.z9HaUz/build/tmp/work/qemux86_64-poky-linux/core-image-minimal/1.0/oe-rootfs-repo --nogpgcheck install packagegroup-core-boot run-postinsts
status: running
pid: 84
instance: 8b1469274d3c35438b74c4b3534f0978
started_unix_ms: 1787677481649
socket: /workspace/.yoctui-next-ui-live.z9HaUz/runtime/yoctui/daemon.sock
job 1 Running "BitBake build" exit_code=None
log Info bitbake: Installed into sysroot: ['ldconfig-native', 'm4-native', 'libxml2-native', 'readline-native', 'update-rc.d-native', 'util-linux-native', 'createrepo-c-native', 'dnf-native', 'elfutils-native', 'file-native', 'flex-native', 'gnu-config-native', 'json-c-native', 'libcomps-native', 'libdnf-native', 'libmodulemd-native', 'librepo-native', 'lua-native', 'makedevs-native', 'opkg-utils-native', 'python3-build-native', 'python3-pyproject-hooks-native', 'python3-setuptools-native', 'python3-wheel-native', 'rpm-native', 'swig-native', 'libarchive-native', 'libidn2-native', 'libsolv-native', 'lzlib-native', 'pbzip2-native', 'pigz-native', 'shadow-native', 'gobject-introspection-native', 'acl-native', 'curl-native', 'debianutils-native', 'gmp-native', 'gnutls-native', 'libtasn1-native', 'gpgme-native', 'libassuan-native', 'libbsd-native', 'libcap-ng-native', 'libcap-native', 'libcheck-native', 'libgcrypt-native', 'libgpg-error-native', 'libmd-native', 'libmicrohttpd-native', 'libunistring-native', 'libyaml-native', 'nettle-native', 'popt-native']
log Info bitbake: Skipping as already exists in sysroot: ['gettext-minimal-native', 'cross-localedef-native', 'cmake-native', 'libtool-native', 'qemu-native', 'qemuwrapper-cross', 'texinfo-dummy-native', 'depmodwrapper-cross', 'openssl-native', 'expat-native', 'gettext-native', 'glib-2.0-native', 'ncurses-native', 'util-linux-libuuid-native', 'zlib-native', 'libedit-native', 'make-native', 'perl-native', 'pseudo-native', 'python3-flit-core-native', 'python3-installer-native', 'python3-packaging-native', 'python3-native', 'bzip2-native', 'unzip-native', 'xz-native', 'zstd-native', 'kmod-native', 'attr-native', 'gdbm-native', 'libffi-native', 'libpcre2-native', 'sqlite3-native']
log Info bitbake: Running postinst /workspace/.yoctui-next-ui-live.z9HaUz/build/tmp/work/qemux86_64-poky-linux/core-image-minimal/1.0/recipe-sysroot-native/usr/bin/postinst-ldsoconf-gobject-introspection-native, output:
b''
log Info bitbake: Initializing intercept dir for /workspace/.yoctui-next-ui-live.z9HaUz/build/tmp/work/qemux86_64-poky-linux/core-image-minimal/1.0/rootfs
log Info bitbake: ###### Generate rootfs #######
log Info bitbake: Executing '/workspace/.yoctui-next-ui-live.z9HaUz/build/tmp/work/qemux86_64-poky-linux/core-image-minimal/1.0/recipe-sysroot-native/usr/bin/createrepo_c --update -q /workspace/.yoctui-next-ui-live.z9HaUz/build/tmp/work/qemux86_64-poky-linux/core-image-minimal/1.0/oe-rootfs-repo' ...
log Info bitbake: Running /workspace/.yoctui-next-ui-live.z9HaUz/build/tmp/work/qemux86_64-poky-linux/core-image-minimal/1.0/recipe-sysroot-native/usr/bin/dnf -v --rpmverbosity=info -y -c /workspace/.yoctui-next-ui-live.z9HaUz/build/tmp/work/qemux86_64-poky-linux/core-image-minimal/1.0/rootfs/etc/dnf/dnf.conf --setopt=reposdir=/workspace/.yoctui-next-ui-live.z9HaUz/build/tmp/work/qemux86_64-poky-linux/core-image-minimal/1.0/rootfs/etc/yum.repos.d --installroot=/workspace/.yoctui-next-ui-live.z9HaUz/build/tmp/work/qemux86_64-poky-linux/core-image-minimal/1.0/rootfs --setopt=logdir=/workspace/.yoctui-next-ui-live.z9HaUz/build/tmp/work/qemux86_64-poky-linux/core-image-minimal/1.0/temp --repofrompath=oe-repo,/workspace/.yoctui-next-ui-live.z9HaUz/build/tmp/work/qemux86_64-poky-linux/core-image-minimal/1.0/oe-rootfs-repo makecache --refresh
log Info bitbake: Running /workspace/.yoctui-next-ui-live.z9HaUz/build/tmp/work/qemux86_64-poky-linux/core-image-minimal/1.0/recipe-sysroot-native/usr/bin/dnf -v --rpmverbosity=info -y -c /workspace/.yoctui-next-ui-live.z9HaUz/build/tmp/work/qemux86_64-poky-linux/core-image-minimal/1.0/rootfs/etc/dnf/dnf.conf --setopt=reposdir=/workspace/.yoctui-next-ui-live.z9HaUz/build/tmp/work/qemux86_64-poky-linux/core-image-minimal/1.0/rootfs/etc/yum.repos.d --installroot=/workspace/.yoctui-next-ui-live.z9HaUz/build/tmp/work/qemux86_64-poky-linux/core-image-minimal/1.0/rootfs --setopt=logdir=/workspace/.yoctui-next-ui-live.z9HaUz/build/tmp/work/qemux86_64-poky-linux/core-image-minimal/1.0/temp --repofrompath=oe-repo,/workspace/.yoctui-next-ui-live.z9HaUz/build/tmp/work/qemux86_64-poky-linux/core-image-minimal/1.0/oe-rootfs-repo --nogpgcheck install packagegroup-core-boot run-postinsts
status: running
pid: 84
instance: 8b1469274d3c35438b74c4b3534f0978
started_unix_ms: 1787677481649
socket: /workspace/.yoctui-next-ui-live.z9HaUz/runtime/yoctui/daemon.sock
job 1 Running "BitBake build" exit_code=None
log Info bitbake: Executing empty_var_volatile ...
log Info bitbake: Executing tidy_shadowutils_files ...
log Info bitbake: Executing rootfs_reproducible ...
log Info bitbake: rootfs_reproducible: set /etc/version to 20180309123456
log Info bitbake: Running /workspace/.yoctui-next-ui-live.z9HaUz/build/tmp/work/qemux86_64-poky-linux/core-image-minimal/1.0/recipe-sysroot-native/usr/bin/dnf -v --rpmverbosity=info -y -c /workspace/.yoctui-next-ui-live.z9HaUz/build/tmp/work/qemux86_64-poky-linux/core-image-minimal/1.0/rootfs/etc/dnf/dnf.conf --setopt=reposdir=/workspace/.yoctui-next-ui-live.z9HaUz/build/tmp/work/qemux86_64-poky-linux/core-image-minimal/1.0/rootfs/etc/yum.repos.d --installroot=/workspace/.yoctui-next-ui-live.z9HaUz/build/tmp/work/qemux86_64-poky-linux/core-image-minimal/1.0/rootfs --setopt=logdir=/workspace/.yoctui-next-ui-live.z9HaUz/build/tmp/work/qemux86_64-poky-linux/core-image-minimal/1.0/temp --repofrompath=oe-repo,/workspace/.yoctui-next-ui-live.z9HaUz/build/tmp/work/qemux86_64-poky-linux/core-image-minimal/1.0/oe-rootfs-repo remove run-postinsts
log Info bitbake: Executing write_image_manifest ...
log Info bitbake: Initializing intercept dir for /workspace/.yoctui-next-ui-live.z9HaUz/build/tmp/work/qemux86_64-poky-linux/core-image-minimal/1.0/rootfs
log Info bitbake: Running /workspace/.yoctui-next-ui-live.z9HaUz/build/tmp/work/qemux86_64-poky-linux/core-image-minimal/1.0/recipe-sysroot-native/usr/bin/dnf -v --rpmverbosity=info -y -c /workspace/.yoctui-next-ui-live.z9HaUz/build/tmp/work/qemux86_64-poky-linux/core-image-minimal/1.0/rootfs/etc/dnf/dnf.conf --setopt=reposdir=/workspace/.yoctui-next-ui-live.z9HaUz/build/tmp/work/qemux86_64-poky-linux/core-image-minimal/1.0/rootfs/etc/yum.repos.d --installroot=/workspace/.yoctui-next-ui-live.z9HaUz/build/tmp/work/qemux86_64-poky-linux/core-image-minimal/1.0/rootfs --setopt=logdir=/workspace/.yoctui-next-ui-live.z9HaUz/build/tmp/work/qemux86_64-poky-linux/core-image-minimal/1.0/temp repoquery --installed --queryformat Package: %{name} %{arch} %{version} %{name}-%{version}-%{release}.%{arch}.rpm
Dependencies:
%{requires}
Recommendations:
%{recommends}
DependenciesEndHere:
status: running
pid: 84
instance: 8b1469274d3c35438b74c4b3534f0978
started_unix_ms: 1787677481649
socket: /workspace/.yoctui-next-ui-live.z9HaUz/runtime/yoctui/daemon.sock
job 1 Running "BitBake build" exit_code=None
log Info bitbake: reproducible_final_image_task: mtime set to 1520598896
log Info bitbake: Direct dependencies are ['/workspace/.yoctui-next-ui-live.z9HaUz/poky/meta/recipes-core/glibc/cross-localedef-native_2.41.bb:do_populate_sysroot', '/workspace/.yoctui-next-ui-live.z9HaUz/poky/meta/recipes-core/glibc/ldconfig-native_2.12.1.bb:do_populate_sysroot', '/workspace/.yoctui-next-ui-live.z9HaUz/poky/meta/recipes-devtools/qemu/qemuwrapper-cross_1.0.bb:do_populate_sysroot', '/workspace/.yoctui-next-ui-live.z9HaUz/poky/meta/recipes-kernel/kmod/depmodwrapper-cross_1.0.bb:do_populate_sysroot', 'virtual:native:/workspace/.yoctui-next-ui-live.z9HaUz/poky/meta/recipes-core/update-rc.d/update-rc.d_0.8.bb:do_populate_sysroot', 'virtual:native:/workspace/.yoctui-next-ui-live.z9HaUz/poky/meta/recipes-devtools/createrepo-c/createrepo-c_1.2.0.bb:do_populate_sysroot', 'virtual:native:/workspace/.yoctui-next-ui-live.z9HaUz/poky/meta/recipes-devtools/dnf/dnf_4.22.0.bb:do_populate_sysroot', 'virtual:native:/workspace/.yoctui-next-ui-live.z9HaUz/poky/meta/recipes-devtools/makedevs/makedevs_1.0.1.bb:do_populate_sysroot', 'virtual:native:/workspace/.yoctui-next-ui-live.z9HaUz/poky/meta/recipes-devtools/opkg-utils/opkg-utils_0.7.0.bb:do_populate_sysroot', 'virtual:native:/workspace/.yoctui-next-ui-live.z9HaUz/poky/meta/recipes-devtools/pseudo/pseudo_git.bb:do_populate_sysroot', 'virtual:native:/workspace/.yoctui-next-ui-live.z9HaUz/poky/meta/recipes-devtools/rpm/rpm_4.20.0.bb:do_populate_sysroot', 'virtual:native:/workspace/.yoctui-next-ui-live.z9HaUz/poky/meta/recipes-extended/pbzip2/pbzip2_1.1.13.bb:do_populate_sysroot', 'virtual:native:/workspace/.yoctui-next-ui-live.z9HaUz/poky/meta/recipes-extended/pigz/pigz_2.8.bb:do_populate_sysroot', 'virtual:native:/workspace/.yoctui-next-ui-live.z9HaUz/poky/meta/recipes-extended/tar/tar_1.35.bb:do_populate_sysroot']
log Info bitbake: Installed into sysroot: ['tar-native']
log Info bitbake: Skipping as already exists in sysroot: ['gettext-minimal-native', 'cross-localedef-native', 'ldconfig-native', 'cmake-native', 'libtool-native', 'm4-native', 'qemu-native', 'qemuwrapper-cross', 'texinfo-dummy-native', 'depmodwrapper-cross', 'openssl-native', 'expat-native', 'gettext-native', 'glib-2.0-native', 'libxml2-native', 'ncurses-native', 'readline-native', 'update-rc.d-native', 'util-linux-libuuid-native', 'util-linux-native', 'zlib-native', 'createrepo-c-native', 'dnf-native', 'elfutils-native', 'file-native', 'flex-native', 'gnu-config-native', 'json-c-native', 'libcomps-native', 'libdnf-native', 'libedit-native', 'libmodulemd-native', 'librepo-native', 'lua-native', 'make-native', 'makedevs-native', 'opkg-utils-native', 'perl-native', 'pseudo-native', 'python3-build-native', 'python3-flit-core-native', 'python3-installer-native', 'python3-packaging-native', 'python3-pyproject-hooks-native', 'python3-setuptools-native', 'python3-wheel-native', 'python3-native', 'rpm-native', 'swig-native', 'bzip2-native', 'libarchive-native', 'libidn2-native', 'libsolv-native', 'lzlib-native', 'pbzip2-native', 'pigz-native', 'shadow-native', 'unzip-native', 'xz-native', 'zstd-native', 'gobject-introspection-native', 'kmod-native', 'acl-native', 'attr-native', 'curl-native', 'debianutils-native', 'gdbm-native', 'gmp-native', 'gnutls-native', 'libtasn1-native', 'gpgme-native', 'libassuan-native', 'libbsd-native', 'libcap-ng-native', 'libcap-native', 'libcheck-native', 'libffi-native', 'libgcrypt-native', 'libgpg-error-native', 'libmd-native', 'libmicrohttpd-native', 'libpcre2-native', 'libunistring-native', 'libyaml-native', 'nettle-native', 'popt-native', 'sqlite3-native']
log Info bitbake: Direct dependencies are ['/workspace/.yoctui-next-ui-live.z9HaUz/poky/meta/recipes-core/glibc/cross-localedef-native_2.41.bb:do_populate_sysroot', '/workspace/.yoctui-next-ui-live.z9HaUz/poky/meta/recipes-core/glibc/ldconfig-native_2.12.1.bb:do_populate_sysroot', '/workspace/.yoctui-next-ui-live.z9HaUz/poky/meta/recipes-devtools/qemu/qemuwrapper-cross_1.0.bb:do_populate_sysroot', '/workspace/.yoctui-next-ui-live.z9HaUz/poky/meta/recipes-kernel/kmod/depmodwrapper-cross_1.0.bb:do_populate_sysroot', 'virtual:native:/workspace/.yoctui-next-ui-live.z9HaUz/poky/meta/recipes-core/update-rc.d/update-rc.d_0.8.bb:do_populate_sysroot', 'virtual:native:/workspace/.yoctui-next-ui-live.z9HaUz/poky/meta/recipes-devtools/createrepo-c/createrepo-c_1.2.0.bb:do_populate_sysroot', 'virtual:native:/workspace/.yoctui-next-ui-live.z9HaUz/poky/meta/recipes-devtools/dnf/dnf_4.22.0.bb:do_populate_sysroot', 'virtual:native:/workspace/.yoctui-next-ui-live.z9HaUz/poky/meta/recipes-devtools/e2fsprogs/e2fsprogs_1.47.1.bb:do_populate_sysroot', 'virtual:native:/workspace/.yoctui-next-ui-live.z9HaUz/poky/meta/recipes-devtools/makedevs/makedevs_1.0.1.bb:do_populate_sysroot', 'virtual:native:/workspace/.yoctui-next-ui-live.z9HaUz/poky/meta/recipes-devtools/opkg-utils/opkg-utils_0.7.0.bb:do_populate_sysroot', 'virtual:native:/workspace/.yoctui-next-ui-live.z9HaUz/poky/meta/recipes-devtools/pseudo/pseudo_git.bb:do_populate_sysroot', 'virtual:native:/workspace/.yoctui-next-ui-live.z9HaUz/poky/meta/recipes-devtools/rpm/rpm_4.20.0.bb:do_populate_sysroot', 'virtual:native:/workspace/.yoctui-next-ui-live.z9HaUz/poky/meta/recipes-extended/pbzip2/pbzip2_1.1.13.bb:do_populate_sysroot', 'virtual:native:/workspace/.yoctui-next-ui-live.z9HaUz/poky/meta/recipes-extended/pigz/pigz_2.8.bb:do_populate_sysroot']
log Info bitbake: Installed into sysroot: ['e2fsprogs-native']
log Info bitbake: Skipping as already exists in sysroot: ['gettext-minimal-native', 'cross-localedef-native', 'ldconfig-native', 'cmake-native', 'libtool-native', 'm4-native', 'qemu-native', 'qemuwrapper-cross', 'texinfo-dummy-native', 'depmodwrapper-cross', 'openssl-native', 'expat-native', 'gettext-native', 'glib-2.0-native', 'libxml2-native', 'ncurses-native', 'readline-native', 'update-rc.d-native', 'util-linux-libuuid-native', 'util-linux-native', 'zlib-native', 'createrepo-c-native', 'dnf-native', 'elfutils-native', 'file-native', 'flex-native', 'gnu-config-native', 'json-c-native', 'libcomps-native', 'libdnf-native', 'libedit-native', 'libmodulemd-native', 'librepo-native', 'lua-native', 'make-native', 'makedevs-native', 'opkg-utils-native', 'perl-native', 'pseudo-native', 'python3-build-native', 'python3-flit-core-native', 'python3-installer-native', 'python3-packaging-native', 'python3-pyproject-hooks-native', 'python3-setuptools-native', 'python3-wheel-native', 'python3-native', 'rpm-native', 'swig-native', 'bzip2-native', 'libarchive-native', 'libidn2-native', 'libsolv-native', 'lzlib-native', 'pbzip2-native', 'pigz-native', 'shadow-native', 'unzip-native', 'xz-native', 'zstd-native', 'gobject-introspection-native', 'kmod-native', 'acl-native', 'attr-native', 'curl-native', 'debianutils-native', 'gdbm-native', 'gmp-native', 'gnutls-native', 'libtasn1-native', 'gpgme-native', 'libassuan-native', 'libbsd-native', 'libcap-ng-native', 'libcap-native', 'libcheck-native', 'libffi-native', 'libgcrypt-native', 'libgpg-error-native', 'libmd-native', 'libmicrohttpd-native', 'libpcre2-native', 'libunistring-native', 'libyaml-native', 'nettle-native', 'popt-native', 'sqlite3-native']
log Info bitbake: Creating symlink: /workspace/.yoctui-next-ui-live.z9HaUz/build/tmp/work/qemux86_64-poky-linux/core-image-minimal/1.0/deploy-core-image-minimal-image-complete/core-image-minimal-qemux86-64.rootfs.tar.bz2 -> core-image-minimal-qemux86-64.rootfs-20260825170614.tar.bz2
status: running
pid: 84
instance: 8b1469274d3c35438b74c4b3534f0978
started_unix_ms: 1787677481649
socket: /workspace/.yoctui-next-ui-live.z9HaUz/runtime/yoctui/daemon.sock
job 1 Exited "BitBake build" exit_code=Some(0)
log Info bitbake: Creating symlink: /workspace/.yoctui-next-ui-live.z9HaUz/build/tmp/work/qemux86_64-poky-linux/core-image-minimal/1.0/deploy-core-image-minimal-image-complete/core-image-minimal-qemux86-64.rootfs.tar.bz2 -> core-image-minimal-qemux86-64.rootfs-20260825170614.tar.bz2
log Info bitbake: Creating symlink: /workspace/.yoctui-next-ui-live.z9HaUz/build/tmp/work/qemux86_64-poky-linux/core-image-minimal/1.0/deploy-core-image-minimal-image-complete/core-image-minimal-qemux86-64.rootfs.ext4 -> core-image-minimal-qemux86-64.rootfs-20260825170614.ext4
log Info bitbake: Direct dependencies are ['/workspace/.yoctui-next-ui-live.z9HaUz/poky/meta/recipes-core/glibc/cross-localedef-native_2.41.bb:do_populate_sysroot', '/workspace/.yoctui-next-ui-live.z9HaUz/poky/meta/recipes-core/glibc/ldconfig-native_2.12.1.bb:do_populate_sysroot', '/workspace/.yoctui-next-ui-live.z9HaUz/poky/meta/recipes-devtools/qemu/qemu-helper-native_1.0.bb:do_populate_sysroot', '/workspace/.yoctui-next-ui-live.z9HaUz/poky/meta/recipes-devtools/qemu/qemu-system-native_9.2.0.bb:do_populate_sysroot', '/workspace/.yoctui-next-ui-live.z9HaUz/poky/meta/recipes-devtools/qemu/qemuwrapper-cross_1.0.bb:do_populate_sysroot', '/workspace/.yoctui-next-ui-live.z9HaUz/poky/meta/recipes-kernel/kmod/depmodwrapper-cross_1.0.bb:do_populate_sysroot', 'virtual:native:/workspace/.yoctui-next-ui-live.z9HaUz/poky/meta/recipes-core/update-rc.d/update-rc.d_0.8.bb:do_populate_sysroot', 'virtual:native:/workspace/.yoctui-next-ui-live.z9HaUz/poky/meta/recipes-devtools/createrepo-c/createrepo-c_1.2.0.bb:do_populate_sysroot', 'virtual:native:/workspace/.yoctui-next-ui-live.z9HaUz/poky/meta/recipes-devtools/dnf/dnf_4.22.0.bb:do_populate_sysroot', 'virtual:native:/workspace/.yoctui-next-ui-live.z9HaUz/poky/meta/recipes-devtools/e2fsprogs/e2fsprogs_1.47.1.bb:do_populate_sysroot', 'virtual:native:/workspace/.yoctui-next-ui-live.z9HaUz/poky/meta/recipes-devtools/makedevs/makedevs_1.0.1.bb:do_populate_sysroot', 'virtual:native:/workspace/.yoctui-next-ui-live.z9HaUz/poky/meta/recipes-devtools/opkg-utils/opkg-utils_0.7.0.bb:do_populate_sysroot', 'virtual:native:/workspace/.yoctui-next-ui-live.z9HaUz/poky/meta/recipes-devtools/pseudo/pseudo_git.bb:do_populate_sysroot', 'virtual:native:/workspace/.yoctui-next-ui-live.z9HaUz/poky/meta/recipes-devtools/rpm/rpm_4.20.0.bb:do_populate_sysroot', 'virtual:native:/workspace/.yoctui-next-ui-live.z9HaUz/poky/meta/recipes-devtools/unfs3/unfs3_git.bb:do_populate_sysroot', 'virtual:native:/workspace/.yoctui-next-ui-live.z9HaUz/poky/meta/recipes-extended/pbzip2/pbzip2_1.1.13.bb:do_populate_sysroot', 'virtual:native:/workspace/.yoctui-next-ui-live.z9HaUz/poky/meta/recipes-extended/pigz/pigz_2.8.bb:do_populate_sysroot', 'virtual:native:/workspace/.yoctui-next-ui-live.z9HaUz/poky/meta/recipes-extended/tar/tar_1.35.bb:do_populate_sysroot']
log Info bitbake: Installed into sysroot: ['qemu-helper-native', 'qemu-system-native', 'libslirp-native', 'unfs3-native', 'diffutils-native', 'libtirpc-native', 'pixman-native', 'dtc-native', 'alsa-lib-native', 'libpng-native']
log Info bitbake: Skipping as already exists in sysroot: ['gettext-minimal-native', 'cross-localedef-native', 'ldconfig-native', 'cmake-native', 'libtool-native', 'm4-native', 'qemu-native', 'qemuwrapper-cross', 'texinfo-dummy-native', 'depmodwrapper-cross', 'openssl-native', 'expat-native', 'gettext-native', 'glib-2.0-native', 'libxml2-native', 'ncurses-native', 'readline-native', 'update-rc.d-native', 'util-linux-libuuid-native', 'util-linux-native', 'zlib-native', 'createrepo-c-native', 'dnf-native', 'e2fsprogs-native', 'elfutils-native', 'file-native', 'flex-native', 'gnu-config-native', 'json-c-native', 'libcomps-native', 'libdnf-native', 'libedit-native', 'libmodulemd-native', 'librepo-native', 'lua-native', 'make-native', 'makedevs-native', 'opkg-utils-native', 'perl-native', 'pseudo-native', 'python3-build-native', 'python3-flit-core-native', 'python3-installer-native', 'python3-packaging-native', 'python3-pyproject-hooks-native', 'python3-setuptools-native', 'python3-wheel-native', 'python3-native', 'rpm-native', 'swig-native', 'bzip2-native', 'libarchive-native', 'libidn2-native', 'libsolv-native', 'lzlib-native', 'pbzip2-native', 'pigz-native', 'shadow-native', 'tar-native', 'unzip-native', 'xz-native', 'zstd-native', 'gobject-introspection-native', 'kmod-native', 'acl-native', 'attr-native', 'curl-native', 'debianutils-native', 'gdbm-native', 'gmp-native', 'gnutls-native', 'libtasn1-native', 'gpgme-native', 'libassuan-native', 'libbsd-native', 'libcap-ng-native', 'libcap-native', 'libcheck-native', 'libffi-native', 'libgcrypt-native', 'libgpg-error-native', 'libmd-native', 'libmicrohttpd-native', 'libpcre2-native', 'libunistring-native', 'libyaml-native', 'nettle-native', 'popt-native', 'sqlite3-native']
log Info bitbake: Using umask 0o002 (not 22) for sstate packaging
log Info bitbake: Using umask 0o002 (not 22) for sstate packaging
log Info bitbake: Tasks Summary: Attempted %d tasks of which %d didn't need to be rerun and all succeeded.
