1790920520380 Yoctui daemon ready: pid 619 instance 3c04a55bff77055188ba8a6b84b519ac
1790920520380 daemon-metadata: Loading initial compatibility authority
1790920957858 Yoctui daemon stopped gracefully: pid 619
1790927440299 Yoctui daemon ready: pid 41 instance 130d73f2c2e8323f10bbfcbacc982af6
1790927440299 daemon-metadata: Loading initial compatibility authority
1790927825979 Yoctui daemon stopped gracefully: pid 41
1790927826308 Yoctui daemon ready: pid 2262 instance d3d08e512a64e4e89beed614e4355acf
1790927826308 daemon-metadata: Loading initial compatibility authority
1790927936685 daemon-metadata: Loading initial workspace and recipe inventory
1790928542121 daemon-metadata: Initial metadata scan failed: startup metadata scan exceeded ten minutes: deadline has elapsed
1790928618382 Yoctui daemon stopped gracefully: pid 2262
1790928618652 Yoctui daemon ready: pid 3291 instance 97f239a5424bb6a85b5f4e264985b11c
1790928618652 daemon-metadata: Loading initial compatibility authority
1790928711553 daemon-metadata: Loading initial workspace and recipe inventory
1790929316935 daemon-metadata: Initial metadata scan failed: startup metadata scan exceeded ten minutes: deadline has elapsed
1790929416931 Yoctui daemon stopped gracefully: pid 3291
1790929417131 Yoctui daemon ready: pid 4244 instance 554cf518009646c61aafe44ad6856c20
1790929417131 daemon-metadata: Loading initial compatibility authority
1790929513022 daemon-metadata: Loading initial workspace and recipe inventory
1790929813510 Yoctui daemon stopped gracefully: pid 4244
1790930436317 Yoctui daemon ready: pid 5073 instance d4a77149d273128063464c230720e618
1790930436317 daemon-metadata: Loading initial compatibility authority
1790930536243 daemon-metadata: Loading initial workspace and recipe inventory
1790930581525 daemon-metadata: Initial workspace and recipe inventory ready
